[debug] [2026-09-24T15:48:57.528Z] ----------------------------------------------------------------------
[debug] [2026-09-24T15:48:57.530Z] Command:       /usr/local/share/nvm/versions/node/v24.21.0/bin/node /home/codespace/nvm/current/bin/firebase init
[debug] [2026-09-24T15:48:57.531Z] CLI Version:   15.31.0
[debug] [2026-09-24T15:48:57.531Z] Platform:      linux
[debug] [2026-09-24T15:48:57.531Z] Node Version:  v24.21.0
[debug] [2026-09-24T15:48:57.531Z] Detected Agent: unknown
[debug] [2026-09-24T15:48:57.531Z] Time:          Thu Sep 24 2026 15:48:57 GMT+0000 (Coordinated Universal Time)
[debug] [2026-09-24T15:48:57.532Z] ----------------------------------------------------------------------
[debug] 
[info] 
     ######## #### ########  ######## ########     ###     ######  ########
     ##        ##  ##     ## ##       ##     ##  ##   ##  ##       ##
     ######    ##  ########  ######   ########  #########  ######  ######
     ##        ##  ##    ##  ##       ##     ## ##     ##       ## ##
     ##       #### ##     ## ######## ########  ##     ##  ######  ########

You're about to initialize a Firebase project in this directory:

  /workspaces/Zara-Chabby

Before we get started, keep in mind:

  * You are currently outside your home directory
  * You are initializing within an existing Firebase project directory

[info] 
=== Project Setup
[info] 
[info] First, let's associate this project directory with a Firebase project.
[info] You can create multiple project aliases by running firebase use --add, 
[info] 
[debug] [2026-09-24T15:49:33.282Z] > command requires scopes: ["email","openid","https://www.googleapis.com/auth/cloudplatformprojects.readonly","https://www.googleapis.com/auth/firebase","https://www.googleapis.com/auth/cloud-platform"]
[debug] [2026-09-24T15:49:33.283Z] > authorizing via signed-in user (luputachabota911@gmail.com)
[debug] [2026-09-24T15:49:33.316Z] Checked if tokens are valid: true, expires at: 1790268479627
[debug] [2026-09-24T15:49:33.317Z] Checked if tokens are valid: true, expires at: 1790268479627
[debug] [2026-09-24T15:49:33.318Z] >>> [apiv2][query] GET https://firebase.googleapis.com/v1beta1/projects/zara-chabby-login [none]
[debug] [2026-09-24T15:49:33.994Z] <<< [apiv2][status] GET https://firebase.googleapis.com/v1beta1/projects/zara-chabby-login 200
[debug] [2026-09-24T15:49:33.994Z] <<< [apiv2][body] GET https://firebase.googleapis.com/v1beta1/projects/zara-chabby-login {"projectId":"zara-chabby-login","projectNumber":"975107354460","displayName":"Zara-Chabby Login","name":"projects/zara-chabby-login","resources":{"hostingSite":"zara-chabby-login"},"state":"ACTIVE","labels":{"firebase":"enabled"},"etag":"1_705dffee-912f-4cb1-84d4-8d63cbce734b"}
[info] i  Using project zara-chabby-login (Zara-Chabby Login) . 
[info] 
=== Dataconnect Setup
[info] i  dataconnect: ensuring required API firebasedataconnect.googleapis.com is enabled... 
[debug] [2026-09-24T15:49:34.011Z] Checked if tokens are valid: true, expires at: 1790268479627
[debug] [2026-09-24T15:49:34.011Z] Checked if tokens are valid: true, expires at: 1790268479627
[info] i  dataconnect: ensuring required API sqladmin.googleapis.com is enabled... 
[debug] [2026-09-24T15:49:34.012Z] Checked if tokens are valid: true, expires at: 1790268479627
[debug] [2026-09-24T15:49:34.012Z] Checked if tokens are valid: true, expires at: 1790268479627
[debug] [2026-09-24T15:49:34.015Z] >>> [apiv2][query] GET https://serviceusage.googleapis.com/v1/projects/zara-chabby-login/services/firebasedataconnect.googleapis.com [none]
[debug] [2026-09-24T15:49:34.015Z] >>> [apiv2][(partial)header] GET https://serviceusage.googleapis.com/v1/projects/zara-chabby-login/services/firebasedataconnect.googleapis.com  x-goog-user-project=zara-chabby-login
[debug] [2026-09-24T15:49:34.017Z] >>> [apiv2][query] GET https://serviceusage.googleapis.com/v1/projects/zara-chabby-login/services/sqladmin.googleapis.com [none]
[debug] [2026-09-24T15:49:34.018Z] >>> [apiv2][(partial)header] GET https://serviceusage.googleapis.com/v1/projects/zara-chabby-login/services/sqladmin.googleapis.com  x-goog-user-project=zara-chabby-login
[debug] [2026-09-24T15:49:35.783Z] <<< [apiv2][status] GET https://serviceusage.googleapis.com/v1/projects/zara-chabby-login/services/sqladmin.googleapis.com 200
[debug] [2026-09-24T15:49:35.783Z] <<< [apiv2][body] GET https://serviceusage.googleapis.com/v1/projects/zara-chabby-login/services/sqladmin.googleapis.com [omitted]
[warn] ⚠  dataconnect: missing required API sqladmin.googleapis.com. Enabling now... 
[debug] [2026-09-24T15:49:35.789Z] Checked if tokens are valid: true, expires at: 1790268479627
[debug] [2026-09-24T15:49:35.789Z] Checked if tokens are valid: true, expires at: 1790268479627
[debug] [2026-09-24T15:49:35.789Z] >>> [apiv2][query] POST https://serviceusage.googleapis.com/v1/projects/zara-chabby-login/services/sqladmin.googleapis.com:enable [none]
[debug] [2026-09-24T15:49:35.789Z] >>> [apiv2][(partial)header] POST https://serviceusage.googleapis.com/v1/projects/zara-chabby-login/services/sqladmin.googleapis.com:enable  x-goog-user-project=zara-chabby-login
[debug] [2026-09-24T15:49:35.803Z] <<< [apiv2][status] GET https://serviceusage.googleapis.com/v1/projects/zara-chabby-login/services/firebasedataconnect.googleapis.com 200
[debug] [2026-09-24T15:49:35.803Z] <<< [apiv2][body] GET https://serviceusage.googleapis.com/v1/projects/zara-chabby-login/services/firebasedataconnect.googleapis.com [omitted]
[warn] ⚠  dataconnect: missing required API firebasedataconnect.googleapis.com. Enabling now... 
[debug] [2026-09-24T15:49:35.804Z] Checked if tokens are valid: true, expires at: 1790268479627
[debug] [2026-09-24T15:49:35.804Z] Checked if tokens are valid: true, expires at: 1790268479627
[debug] [2026-09-24T15:49:35.804Z] >>> [apiv2][query] POST https://serviceusage.googleapis.com/v1/projects/zara-chabby-login/services/firebasedataconnect.googleapis.com:enable [none]
[debug] [2026-09-24T15:49:35.804Z] >>> [apiv2][(partial)header] POST https://serviceusage.googleapis.com/v1/projects/zara-chabby-login/services/firebasedataconnect.googleapis.com:enable  x-goog-user-project=zara-chabby-login
[debug] [2026-09-24T15:49:36.472Z] <<< [apiv2][status] POST https://serviceusage.googleapis.com/v1/projects/zara-chabby-login/services/sqladmin.googleapis.com:enable 200
[debug] [2026-09-24T15:49:36.472Z] <<< [apiv2][body] POST https://serviceusage.googleapis.com/v1/projects/zara-chabby-login/services/sqladmin.googleapis.com:enable [omitted]
[debug] [2026-09-24T15:49:37.590Z] <<< [apiv2][status] POST https://serviceusage.googleapis.com/v1/projects/zara-chabby-login/services/firebasedataconnect.googleapis.com:enable 200
[debug] [2026-09-24T15:49:37.591Z] <<< [apiv2][body] POST https://serviceusage.googleapis.com/v1/projects/zara-chabby-login/services/firebasedataconnect.googleapis.com:enable [omitted]
[debug] [2026-09-24T15:49:47.598Z] Checked if tokens are valid: true, expires at: 1790268479627
[debug] [2026-09-24T15:49:47.598Z] Checked if tokens are valid: true, expires at: 1790268479627
[debug] [2026-09-24T15:49:47.598Z] >>> [apiv2][query] GET https://firebasedataconnect.googleapis.com/v1/projects/zara-chabby-login/locations/-/services [none]
[debug] [2026-09-24T15:49:49.569Z] <<< [apiv2][status] GET https://firebasedataconnect.googleapis.com/v1/projects/zara-chabby-login/locations/-/services 200
[debug] [2026-09-24T15:49:49.569Z] <<< [apiv2][body] GET https://firebasedataconnect.googleapis.com/v1/projects/zara-chabby-login/locations/-/services {}
[debug] [2026-09-24T15:50:23.863Z] Checked if tokens are valid: true, expires at: 1790268479627
[debug] [2026-09-24T15:50:23.863Z] Checked if tokens are valid: true, expires at: 1790268479627
[debug] [2026-09-24T15:50:23.865Z] >>> [apiv2][query] GET https://serviceusage.googleapis.com/v1/projects/zara-chabby-login/services/cloudbilling.googleapis.com [none]
[debug] [2026-09-24T15:50:23.865Z] >>> [apiv2][(partial)header] GET https://serviceusage.googleapis.com/v1/projects/zara-chabby-login/services/cloudbilling.googleapis.com  x-goog-user-project=zara-chabby-login
[debug] [2026-09-24T15:50:25.514Z] <<< [apiv2][status] GET https://serviceusage.googleapis.com/v1/projects/zara-chabby-login/services/cloudbilling.googleapis.com 200
[debug] [2026-09-24T15:50:25.514Z] <<< [apiv2][body] GET https://serviceusage.googleapis.com/v1/projects/zara-chabby-login/services/cloudbilling.googleapis.com [omitted]
[debug] [2026-09-24T15:50:25.514Z] Checked if tokens are valid: true, expires at: 1790268479627
[debug] [2026-09-24T15:50:25.514Z] Checked if tokens are valid: true, expires at: 1790268479627
[debug] [2026-09-24T15:50:25.514Z] >>> [apiv2][query] POST https://serviceusage.googleapis.com/v1/projects/zara-chabby-login/services/cloudbilling.googleapis.com:enable [none]
[debug] [2026-09-24T15:50:25.514Z] >>> [apiv2][(partial)header] POST https://serviceusage.googleapis.com/v1/projects/zara-chabby-login/services/cloudbilling.googleapis.com:enable  x-goog-user-project=zara-chabby-login
[debug] [2026-09-24T15:50:27.285Z] <<< [apiv2][status] POST https://serviceusage.googleapis.com/v1/projects/zara-chabby-login/services/cloudbilling.googleapis.com:enable 200
[debug] [2026-09-24T15:50:27.286Z] <<< [apiv2][body] POST https://serviceusage.googleapis.com/v1/projects/zara-chabby-login/services/cloudbilling.googleapis.com:enable [omitted]
[debug] [2026-09-24T15:50:37.297Z] Checked if tokens are valid: true, expires at: 1790268479627
[debug] [2026-09-24T15:50:37.297Z] Checked if tokens are valid: true, expires at: 1790268479627
[debug] [2026-09-24T15:50:37.297Z] >>> [apiv2][query] GET https://cloudbilling.googleapis.com/v1/projects/zara-chabby-login/billingInfo [none]
[debug] [2026-09-24T15:50:37.297Z] >>> [apiv2][(partial)header] GET https://cloudbilling.googleapis.com/v1/projects/zara-chabby-login/billingInfo  x-goog-user-project=zara-chabby-login
[debug] [2026-09-24T15:50:38.719Z] <<< [apiv2][status] GET https://cloudbilling.googleapis.com/v1/projects/zara-chabby-login/billingInfo 200
[debug] [2026-09-24T15:50:38.720Z] <<< [apiv2][body] GET https://cloudbilling.googleapis.com/v1/projects/zara-chabby-login/billingInfo {"name":"projects/zara-chabby-login/billingInfo","projectId":"zara-chabby-login","billingAccountName":"","billingEnabled":false}
[debug] [2026-09-24T15:50:38.721Z] Checked if tokens are valid: true, expires at: 1790268479627
[debug] [2026-09-24T15:50:38.721Z] Checked if tokens are valid: true, expires at: 1790268479627
[debug] [2026-09-24T15:50:38.721Z] >>> [apiv2][query] GET https://monitoring.googleapis.com/v3/projects/zara-chabby-login/timeSeries/ filter=metric.type%3D%22serviceruntime.googleapis.com%2Fquota%2Fallocation%2Fusage%22+AND+metric.label.quota_metric+%3D+%22sqladmin.googleapis.com%2Ffdc_lifetime_free_trial_per_project%22&interval.endTime=2026-09-24T15%3A50%3A38.720Z&interval.startTime=2026-09-17T15%3A50%3A38.720Z
[debug] [2026-09-24T15:50:39.712Z] <<< [apiv2][status] GET https://monitoring.googleapis.com/v3/projects/zara-chabby-login/timeSeries/ 200
[debug] [2026-09-24T15:50:39.712Z] <<< [apiv2][body] GET https://monitoring.googleapis.com/v3/projects/zara-chabby-login/timeSeries/ {"unit":"1"}
[info] ✔  dataconnect: CloudSQL no cost trial available! 
[debug] [2026-09-24T15:50:39.714Z] Checked if tokens are valid: true, expires at: 1790268479627
[debug] [2026-09-24T15:50:39.714Z] Checked if tokens are valid: true, expires at: 1790268479627
[debug] [2026-09-24T15:50:39.714Z] >>> [apiv2][query] GET https://sqladmin.googleapis.com/v1/projects/zara-chabby-login/instances [none]
[debug] [2026-09-24T15:50:40.690Z] <<< [apiv2][status] GET https://sqladmin.googleapis.com/v1/projects/zara-chabby-login/instances 200
[debug] [2026-09-24T15:50:40.691Z] <<< [apiv2][body] GET https://sqladmin.googleapis.com/v1/projects/zara-chabby-login/instances {}
[debug] [2026-09-24T15:50:40.691Z] Checked if tokens are valid: true, expires at: 1790268479627
[debug] [2026-09-24T15:50:40.691Z] Checked if tokens are valid: true, expires at: 1790268479627
[debug] [2026-09-24T15:50:40.691Z] >>> [apiv2][query] GET https://firebasedataconnect.googleapis.com/v1/projects/zara-chabby-login/locations [none]
[debug] [2026-09-24T15:50:42.351Z] <<< [apiv2][status] GET https://firebasedataconnect.googleapis.com/v1/projects/zara-chabby-login/locations 200
[debug] [2026-09-24T15:50:42.351Z] <<< [apiv2][body] GET https://firebasedataconnect.googleapis.com/v1/projects/zara-chabby-login/locations {"locations":[{"name":"projects/zara-chabby-login/locations/asia-east1","locationId":"asia-east1","displayName":"Taiwan"},{"name":"projects/zara-chabby-login/locations/asia-east2","locationId":"asia-east2","displayName":"Hong Kong"},{"name":"projects/zara-chabby-login/locations/asia-northeast1","locationId":"asia-northeast1","displayName":"Tokyo"},{"name":"projects/zara-chabby-login/locations/asia-northeast2","locationId":"asia-northeast2","displayName":"Osaka"},{"name":"projects/zara-chabby-login/locations/asia-northeast3","locationId":"asia-northeast3","displayName":"Seoul"},{"name":"projects/zara-chabby-login/locations/asia-south1","locationId":"asia-south1","displayName":"Mumbai"},{"name":"projects/zara-chabby-login/locations/asia-southeast1","locationId":"asia-southeast1","displayName":"Singapore"},{"name":"projects/zara-chabby-login/locations/asia-southeast2","locationId":"asia-southeast2","displayName":"Jakarta"},{"name":"projects/zara-chabby-login/locations/australia-southeast1","locationId":"australia-southeast1","displayName":"Sydney"},{"name":"projects/zara-chabby-login/locations/australia-southeast2","locationId":"australia-southeast2","displayName":"Melbourne"},{"name":"projects/zara-chabby-login/locations/europe-central2","locationId":"europe-central2","displayName":"Warsaw"},{"name":"projects/zara-chabby-login/locations/europe-north1","locationId":"europe-north1","displayName":"Finland"},{"name":"projects/zara-chabby-login/locations/europe-southwest1","locationId":"europe-southwest1","displayName":"Madrid"},{"name":"projects/zara-chabby-login/locations/europe-west1","locationId":"europe-west1","displayName":"Belgium"},{"name":"projects/zara-chabby-login/locations/europe-west2","locationId":"europe-west2","displayName":"London"},{"name":"projects/zara-chabby-login/locations/europe-west3","locationId":"europe-west3","displayName":"Frankfurt"},{"name":"projects/zara-chabby-login/locations/europe-west4","locationId":"europe-west4","displayName":"Netherlands"},{"name":"projects/zara-chabby-login/locations/europe-west6","locationId":"europe-west6","displayName":"Zurich"},{"name":"projects/zara-chabby-login/locations/europe-west8","locationId":"europe-west8","displayName":"Milan"},{"name":"projects/zara-chabby-login/locations/europe-west9","locationId":"europe-west9","displayName":"Paris"},{"name":"projects/zara-chabby-login/locations/me-west1","locationId":"me-west1","displayName":"Tel Aviv"},{"name":"projects/zara-chabby-login/locations/northamerica-northeast1","locationId":"northamerica-northeast1","displayName":"Montréal"},{"name":"projects/zara-chabby-login/locations/northamerica-northeast2","locationId":"northamerica-northeast2","displayName":"Toronto"},{"name":"projects/zara-chabby-login/locations/southamerica-east1","locationId":"southamerica-east1","displayName":"São Paulo"},{"name":"projects/zara-chabby-login/locations/southamerica-west1","locationId":"southamerica-west1","displayName":"Santiago"},{"name":"projects/zara-chabby-login/locations/us-central1","locationId":"us-central1","displayName":"Iowa"},{"name":"projects/zara-chabby-login/locations/us-east1","locationId":"us-east1","displayName":"South Carolina"},{"name":"projects/zara-chabby-login/locations/us-east4","locationId":"us-east4","displayName":"Northern Virginia"},{"name":"projects/zara-chabby-login/locations/us-south1","locationId":"us-south1","displayName":"Dallas"},{"name":"projects/zara-chabby-login/locations/us-west1","locationId":"us-west1","displayName":"Oregon"},{"name":"projects/zara-chabby-login/locations/us-west2","locationId":"us-west2","displayName":"Los Angeles"},{"name":"projects/zara-chabby-login/locations/us-west3","locationId":"us-west3","displayName":"Salt Lake City"},{"name":"projects/zara-chabby-login/locations/us-west4","locationId":"us-west4","displayName":"Las Vegas"}]}
[info] ✔  dataconnect: Detected existing apps . (web) 
[debug] [2026-09-24T15:51:38.191Z] Checked if tokens are valid: true, expires at: 1790268479627
[debug] [2026-09-24T15:51:38.191Z] Checked if tokens are valid: true, expires at: 1790268479627
[debug] [2026-09-24T15:51:38.191Z] >>> [apiv2][query] GET https://firebasedataconnect.googleapis.com/v1/projects/zara-chabby-login/locations/us-south1/services/zara-chabby/schemas pageSize=100&pageToken=&fields=schemas.name%2Cschemas.datasources%2Cschemas.source
[debug] [2026-09-24T15:51:39.812Z] <<< [apiv2][status] GET https://firebasedataconnect.googleapis.com/v1/projects/zara-chabby-login/locations/us-south1/services/zara-chabby/schemas 404
[debug] [2026-09-24T15:51:39.812Z] <<< [apiv2][body] GET https://firebasedataconnect.googleapis.com/v1/projects/zara-chabby-login/locations/us-south1/services/zara-chabby/schemas {"error":{"code":404,"message":"Resource 'services/zara-chabby' was not found","status":"NOT_FOUND","details":[{"@type":"type.googleapis.com/google.rpc.ResourceInfo","resourceName":"services/zara-chabby"}]}}
[info] ✔  Wrote dataconnect/dataconnect.yaml 
[info] ✔  Wrote dataconnect/seed_data.gql 
[info] ✔  Wrote dataconnect/schema/schema.gql 
[info] ✔  Wrote dataconnect/example/connector.yaml 
[info] ✔  Wrote dataconnect/example/queries.gql 
[info] ✔  Wrote dataconnect/example/mutations.gql 
[info] ✔  Wrote dataconnect/example/connector.yaml 
[info] i  dataconnect: Installing the generated SDKs ... 
[info] i  dataconnect: downloading dataconnect-emulator-3.4.21... {"metadata":{"emulator":{"name":"dataconnect"},"message":"downloading dataconnect-emulator-3.4.21..."}}
[debug] [2026-09-24T15:51:39.894Z] >>> [apiv2][query] GET https://storage.googleapis.com/firemat-preview-drop/emulator/dataconnect-emulator-linux-amd64-v3.4.21 
[debug] [2026-09-24T15:51:40.245Z] <<< [apiv2][status] GET https://storage.googleapis.com/firemat-preview-drop/emulator/dataconnect-emulator-linux-amd64-v3.4.21 200
[debug] [2026-09-24T15:51:40.245Z] <<< [apiv2][body] GET https://storage.googleapis.com/firemat-preview-drop/emulator/dataconnect-emulator-linux-amd64-v3.4.21 [stream]
[debug] [2026-09-24T15:51:44.338Z] defaultcredentials: writing to file /home/codespace/.config/firebase/luputachabota911_gmail_com_application_default_credentials.json
[info] ✔  dataconnect: Installed generated SDKs for . (web) 
[info] i  Visit https://firebase.google.com/docs/data-connect/web-sdk#react for more information on how to set up React Generated SDKs for Firebase SQL Connect 
[info] 
=== Firestore Setup
[info] i  firestore: ensuring required API firestore.googleapis.com is enabled... 
[debug] [2026-09-24T15:51:58.133Z] Checked if tokens are valid: true, expires at: 1790268479627
[debug] [2026-09-24T15:51:58.133Z] Checked if tokens are valid: true, expires at: 1790268479627
[debug] [2026-09-24T15:51:58.133Z] >>> [apiv2][query] GET https://serviceusage.googleapis.com/v1/projects/zara-chabby-login/services/firestore.googleapis.com [none]
[debug] [2026-09-24T15:51:58.133Z] >>> [apiv2][(partial)header] GET https://serviceusage.googleapis.com/v1/projects/zara-chabby-login/services/firestore.googleapis.com  x-goog-user-project=zara-chabby-login
[debug] [2026-09-24T15:51:59.814Z] <<< [apiv2][status] GET https://serviceusage.googleapis.com/v1/projects/zara-chabby-login/services/firestore.googleapis.com 200
[debug] [2026-09-24T15:51:59.815Z] <<< [apiv2][body] GET https://serviceusage.googleapis.com/v1/projects/zara-chabby-login/services/firestore.googleapis.com [omitted]
[warn] ⚠  firestore: missing required API firestore.googleapis.com. Enabling now... 
[debug] [2026-09-24T15:51:59.815Z] Checked if tokens are valid: true, expires at: 1790268479627
[debug] [2026-09-24T15:51:59.815Z] Checked if tokens are valid: true, expires at: 1790268479627
[debug] [2026-09-24T15:51:59.815Z] >>> [apiv2][query] POST https://serviceusage.googleapis.com/v1/projects/zara-chabby-login/services/firestore.googleapis.com:enable [none]
[debug] [2026-09-24T15:51:59.815Z] >>> [apiv2][(partial)header] POST https://serviceusage.googleapis.com/v1/projects/zara-chabby-login/services/firestore.googleapis.com:enable  x-goog-user-project=zara-chabby-login
[debug] [2026-09-24T15:52:00.366Z] <<< [apiv2][status] POST https://serviceusage.googleapis.com/v1/projects/zara-chabby-login/services/firestore.googleapis.com:enable 200
[debug] [2026-09-24T15:52:00.366Z] <<< [apiv2][body] POST https://serviceusage.googleapis.com/v1/projects/zara-chabby-login/services/firestore.googleapis.com:enable [omitted]
[debug] [2026-09-24T15:52:10.379Z] Checked if tokens are valid: true, expires at: 1790268479627
[debug] [2026-09-24T15:52:10.379Z] Checked if tokens are valid: true, expires at: 1790268479627
[debug] [2026-09-24T15:52:10.380Z] >>> [apiv2][query] GET https://firestore.googleapis.com/v1/projects/zara-chabby-login/databases [none]
[debug] [2026-09-24T15:52:11.037Z] <<< [apiv2][status] GET https://firestore.googleapis.com/v1/projects/zara-chabby-login/databases 200
[debug] [2026-09-24T15:52:11.037Z] <<< [apiv2][body] GET https://firestore.googleapis.com/v1/projects/zara-chabby-login/databases {}
[debug] [2026-09-24T15:52:11.037Z] Checked if tokens are valid: true, expires at: 1790268479627
[debug] [2026-09-24T15:52:11.037Z] Checked if tokens are valid: true, expires at: 1790268479627
[debug] [2026-09-24T15:52:11.038Z] >>> [apiv2][query] GET https://firestore.googleapis.com/v1/projects/zara-chabby-login/locations [none]
[debug] [2026-09-24T15:52:11.424Z] <<< [apiv2][status] GET https://firestore.googleapis.com/v1/projects/zara-chabby-login/locations 200
[debug] [2026-09-24T15:52:11.425Z] <<< [apiv2][body] GET https://firestore.googleapis.com/v1/projects/zara-chabby-login/locations {"locations":[{"name":"projects/zara-chabby-login/locations/eur3","labels":{"appengine.googleapis.com/geo":"europe-west","cloud.googleapis.com/location":"eur3","cloud.googleapis.com/geo":"eur3"},"metadata":{"@type":"type.googleapis.com/google.firestore.admin.v1.LocationMetadata"},"locationId":"eur3","displayName":"Europe"},{"name":"projects/zara-chabby-login/locations/nam5","labels":{"appengine.googleapis.com/geo":"us-central","cloud.googleapis.com/location":"nam5","cloud.googleapis.com/geo":"nam5"},"metadata":{"@type":"type.googleapis.com/google.firestore.admin.v1.LocationMetadata"},"locationId":"nam5","displayName":"United States"},{"name":"projects/zara-chabby-login/locations/nam7","labels":{"cloud.googleapis.com/location":"nam7","cloud.googleapis.com/geo":"nam7"},"metadata":{"@type":"type.googleapis.com/google.firestore.admin.v1.LocationMetadata"},"locationId":"nam7","displayName":"United States"},{"name":"projects/zara-chabby-login/locations/africa-south1","labels":{"cloud.googleapis.com/location":"africa-south1","cloud.googleapis.com/region":"africa-south1"},"metadata":{"@type":"type.googleapis.com/google.firestore.admin.v1.LocationMetadata"},"locationId":"africa-south1","displayName":"Johannesburg"},{"name":"projects/zara-chabby-login/locations/asia-east1","labels":{"appengine.googleapis.com/region":"asia-east1","cloud.googleapis.com/location":"asia-east1","cloud.googleapis.com/region":"asia-east1"},"metadata":{"@type":"type.googleapis.com/google.firestore.admin.v1.LocationMetadata"},"locationId":"asia-east1","displayName":"Taiwan"},{"name":"projects/zara-chabby-login/locations/asia-east2","labels":{"appengine.googleapis.com/region":"asia-east2","cloud.googleapis.com/location":"asia-east2","cloud.googleapis.com/region":"asia-east2"},"metadata":{"@type":"type.googleapis.com/google.firestore.admin.v1.LocationMetadata"},"locationId":"asia-east2","displayName":"Hong Kong"},{"name":"projects/zara-chabby-login/locations/asia-northeast1","labels":{"appengine.googleapis.com/region":"asia-northeast1","cloud.googleapis.com/location":"asia-northeast1","cloud.googleapis.com/region":"asia-northeast1"},"metadata":{"@type":"type.googleapis.com/google.firestore.admin.v1.LocationMetadata"},"locationId":"asia-northeast1","displayName":"Tokyo"},{"name":"projects/zara-chabby-login/locations/asia-northeast2","labels":{"appengine.googleapis.com/region":"asia-northeast2","cloud.googleapis.com/location":"asia-northeast2","cloud.googleapis.com/region":"asia-northeast2"},"metadata":{"@type":"type.googleapis.com/google.firestore.admin.v1.LocationMetadata"},"locationId":"asia-northeast2","displayName":"Osaka"},{"name":"projects/zara-chabby-login/locations/asia-northeast3","labels":{"appengine.googleapis.com/region":"asia-northeast3","cloud.googleapis.com/location":"asia-northeast3","cloud.googleapis.com/region":"asia-northeast3"},"metadata":{"@type":"type.googleapis.com/google.firestore.admin.v1.LocationMetadata"},"locationId":"asia-northeast3","displayName":"Seoul"},{"name":"projects/zara-chabby-login/locations/asia-south1","labels":{"appengine.googleapis.com/region":"asia-south1","cloud.googleapis.com/location":"asia-south1","cloud.googleapis.com/region":"asia-south1"},"metadata":{"@type":"type.googleapis.com/google.firestore.admin.v1.LocationMetadata"},"locationId":"asia-south1","displayName":"Mumbai"},{"name":"projects/zara-chabby-login/locations/asia-south2","labels":{"cloud.googleapis.com/location":"asia-south2","cloud.googleapis.com/region":"asia-south2"},"metadata":{"@type":"type.googleapis.com/google.firestore.admin.v1.LocationMetadata"},"locationId":"asia-south2","displayName":"Delhi"},{"name":"projects/zara-chabby-login/locations/asia-southeast1","labels":{"appengine.googleapis.com/region":"asia-southeast1","cloud.googleapis.com/location":"asia-southeast1","cloud.googleapis.com/region":"asia-southeast1"},"metadata":{"@type":"type.googleapis.com/google.firestore.admin.v1.LocationMetadata"},"locationId":"asia-southeast1","displayName":"Singapore"},{"name":"projects/zara-chabby-login/locations/asia-southeast2","labels":{"appengine.googleapis.com/region":"asia-southeast2","cloud.googleapis.com/location":"asia-southeast2","cloud.googleapis.com/region":"asia-southeast2"},"metadata":{"@type":"type.googleapis.com/google.firestore.admin.v1.LocationMetadata"},"locationId":"asia-southeast2","displayName":"Jakarta"},{"name":"projects/zara-chabby-login/locations/asia-southeast3","labels":{"cloud.googleapis.com/location":"asia-southeast3","cloud.googleapis.com/region":"asia-southeast3"},"metadata":{"@type":"type.googleapis.com/google.firestore.admin.v1.LocationMetadata"},"locationId":"asia-southeast3","displayName":"Bangkok"},{"name":"projects/zara-chabby-login/locations/australia-southeast1","labels":{"appengine.googleapis.com/region":"australia-southeast1","cloud.googleapis.com/location":"australia-southeast1","cloud.googleapis.com/region":"australia-southeast1"},"metadata":{"@type":"type.googleapis.com/google.firestore.admin.v1.LocationMetadata"},"locationId":"australia-southeast1","displayName":"Sydney"},{"name":"projects/zara-chabby-login/locations/australia-southeast2","labels":{"cloud.googleapis.com/location":"australia-southeast2","cloud.googleapis.com/region":"australia-southeast2"},"metadata":{"@type":"type.googleapis.com/google.firestore.admin.v1.LocationMetadata"},"locationId":"australia-southeast2","displayName":"Melbourne"},{"name":"projects/zara-chabby-login/locations/europe-central2","labels":{"appengine.googleapis.com/region":"europe-central2","cloud.googleapis.com/location":"europe-central2","cloud.googleapis.com/region":"europe-central2"},"metadata":{"@type":"type.googleapis.com/google.firestore.admin.v1.LocationMetadata"},"locationId":"europe-central2","displayName":"Warsaw"},{"name":"projects/zara-chabby-login/locations/europe-north1","labels":{"cloud.googleapis.com/location":"europe-north1","cloud.googleapis.com/region":"europe-north1"},"metadata":{"@type":"type.googleapis.com/google.firestore.admin.v1.LocationMetadata"},"locationId":"europe-north1","displayName":"Finland"},{"name":"projects/zara-chabby-login/locations/europe-north2","labels":{"cloud.googleapis.com/location":"europe-north2","cloud.googleapis.com/region":"europe-north2"},"metadata":{"@type":"type.googleapis.com/google.firestore.admin.v1.LocationMetadata"},"locationId":"europe-north2","displayName":"Stockholm"},{"name":"projects/zara-chabby-login/locations/europe-southwest1","labels":{"cloud.googleapis.com/location":"europe-southwest1","cloud.googleapis.com/region":"europe-southwest1"},"metadata":{"@type":"type.googleapis.com/google.firestore.admin.v1.LocationMetadata"},"locationId":"europe-southwest1","displayName":"Madrid"},{"name":"projects/zara-chabby-login/locations/europe-west1","labels":{"cloud.googleapis.com/location":"europe-west1","cloud.googleapis.com/region":"europe-west1"},"metadata":{"@type":"type.googleapis.com/google.firestore.admin.v1.LocationMetadata"},"locationId":"europe-west1","displayName":"Belgium"},{"name":"projects/zara-chabby-login/locations/europe-west10","labels":{"cloud.googleapis.com/location":"europe-west10","cloud.googleapis.com/region":"europe-west10"},"metadata":{"@type":"type.googleapis.com/google.firestore.admin.v1.LocationMetadata"},"locationId":"europe-west10","displayName":"Berlin"},{"name":"projects/zara-chabby-login/locations/europe-west12","labels":{"cloud.googleapis.com/location":"europe-west12","cloud.googleapis.com/region":"europe-west12"},"metadata":{"@type":"type.googleapis.com/google.firestore.admin.v1.LocationMetadata"},"locationId":"europe-west12","displayName":"Turin"},{"name":"projects/zara-chabby-login/locations/europe-west2","labels":{"appengine.googleapis.com/region":"europe-west2","cloud.googleapis.com/location":"europe-west2","cloud.googleapis.com/region":"europe-west2"},"metadata":{"@type":"type.googleapis.com/google.firestore.admin.v1.LocationMetadata"},"locationId":"europe-west2","displayName":"London"},{"name":"projects/zara-chabby-login/locations/europe-west3","labels":{"appengine.googleapis.com/region":"europe-west3","cloud.googleapis.com/location":"europe-west3","cloud.googleapis.com/region":"europe-west3"},"metadata":{"@type":"type.googleapis.com/google.firestore.admin.v1.LocationMetadata"},"locationId":"europe-west3","displayName":"Frankfurt"},{"name":"projects/zara-chabby-login/locations/europe-west4","labels":{"cloud.googleapis.com/location":"europe-west4","cloud.googleapis.com/region":"europe-west4"},"metadata":{"@type":"type.googleapis.com/google.firestore.admin.v1.LocationMetadata"},"locationId":"europe-west4","displayName":"Netherlands"},{"name":"projects/zara-chabby-login/locations/europe-west6","labels":{"appengine.googleapis.com/region":"europe-west6","cloud.googleapis.com/location":"europe-west6","cloud.googleapis.com/region":"europe-west6"},"metadata":{"@type":"type.googleapis.com/google.firestore.admin.v1.LocationMetadata"},"locationId":"europe-west6","displayName":"Zurich"},{"name":"projects/zara-chabby-login/locations/europe-west8","labels":{"cloud.googleapis.com/location":"europe-west8","cloud.googleapis.com/region":"europe-west8"},"metadata":{"@type":"type.googleapis.com/google.firestore.admin.v1.LocationMetadata"},"locationId":"europe-west8","displayName":"Milan"},{"name":"projects/zara-chabby-login/locations/europe-west9","labels":{"cloud.googleapis.com/location":"europe-west9","cloud.googleapis.com/region":"europe-west9"},"metadata":{"@type":"type.googleapis.com/google.firestore.admin.v1.LocationMetadata"},"locationId":"europe-west9","displayName":"Paris"},{"name":"projects/zara-chabby-login/locations/me-central1","labels":{"cloud.googleapis.com/location":"me-central1","cloud.googleapis.com/region":"me-central1"},"metadata":{"@type":"type.googleapis.com/google.firestore.admin.v1.LocationMetadata"},"locationId":"me-central1","displayName":"Doha"},{"name":"projects/zara-chabby-login/locations/me-central2","labels":{"cloud.googleapis.com/location":"me-central2","cloud.googleapis.com/region":"me-central2"},"metadata":{"@type":"type.googleapis.com/google.firestore.admin.v1.LocationMetadata"},"locationId":"me-central2","displayName":"Dammam"},{"name":"projects/zara-chabby-login/locations/me-west1","labels":{"cloud.googleapis.com/location":"me-west1","cloud.googleapis.com/region":"me-west1"},"metadata":{"@type":"type.googleapis.com/google.firestore.admin.v1.LocationMetadata"},"locationId":"me-west1","displayName":"Tel Aviv"},{"name":"projects/zara-chabby-login/locations/northamerica-northeast1","labels":{"appengine.googleapis.com/region":"northamerica-northeast1","cloud.googleapis.com/location":"northamerica-northeast1","cloud.googleapis.com/region":"northamerica-northeast1"},"metadata":{"@type":"type.googleapis.com/google.firestore.admin.v1.LocationMetadata"},"locationId":"northamerica-northeast1","displayName":"Montréal"},{"name":"projects/zara-chabby-login/locations/northamerica-northeast2","labels":{"cloud.googleapis.com/location":"northamerica-northeast2","cloud.googleapis.com/region":"northamerica-northeast2"},"metadata":{"@type":"type.googleapis.com/google.firestore.admin.v1.LocationMetadata"},"locationId":"northamerica-northeast2","displayName":"Toronto"},{"name":"projects/zara-chabby-login/locations/northamerica-south1","labels":{"cloud.googleapis.com/location":"northamerica-south1","cloud.googleapis.com/region":"northamerica-south1"},"metadata":{"@type":"type.googleapis.com/google.firestore.admin.v1.LocationMetadata"},"locationId":"northamerica-south1","displayName":"Mexico"},{"name":"projects/zara-chabby-login/locations/southamerica-east1","labels":{"appengine.googleapis.com/region":"southamerica-east1","cloud.googleapis.com/location":"southamerica-east1","cloud.googleapis.com/region":"southamerica-east1"},"metadata":{"@type":"type.googleapis.com/google.firestore.admin.v1.LocationMetadata"},"locationId":"southamerica-east1","displayName":"São Paulo"},{"name":"projects/zara-chabby-login/locations/southamerica-west1","labels":{"cloud.googleapis.com/location":"southamerica-west1","cloud.googleapis.com/region":"southamerica-west1"},"metadata":{"@type":"type.googleapis.com/google.firestore.admin.v1.LocationMetadata"},"locationId":"southamerica-west1","displayName":"Santiago"},{"name":"projects/zara-chabby-login/locations/us-central1","labels":{"cloud.googleapis.com/location":"us-central1","cloud.googleapis.com/region":"us-central1"},"metadata":{"@type":"type.googleapis.com/google.firestore.admin.v1.LocationMetadata"},"locationId":"us-central1","displayName":"Iowa"},{"name":"projects/zara-chabby-login/locations/us-east1","labels":{"appengine.googleapis.com/region":"us-east1","cloud.googleapis.com/location":"us-east1","cloud.googleapis.com/region":"us-east1"},"metadata":{"@type":"type.googleapis.com/google.firestore.admin.v1.LocationMetadata"},"locationId":"us-east1","displayName":"South Carolina"},{"name":"projects/zara-chabby-login/locations/us-east4","labels":{"appengine.googleapis.com/region":"us-east4","cloud.googleapis.com/location":"us-east4","cloud.googleapis.com/region":"us-east4"},"metadata":{"@type":"type.googleapis.com/google.firestore.admin.v1.LocationMetadata"},"locationId":"us-east4","displayName":"Northern Virginia"},{"name":"projects/zara-chabby-login/locations/us-east5","labels":{"cloud.googleapis.com/location":"us-east5","cloud.googleapis.com/region":"us-east5"},"metadata":{"@type":"type.googleapis.com/google.firestore.admin.v1.LocationMetadata"},"locationId":"us-east5","displayName":"Columbus"},{"name":"projects/zara-chabby-login/locations/us-south1","labels":{"cloud.googleapis.com/location":"us-south1","cloud.googleapis.com/region":"us-south1"},"metadata":{"@type":"type.googleapis.com/google.firestore.admin.v1.LocationMetadata"},"locationId":"us-south1","displayName":"Dallas"},{"name":"projects/zara-chabby-login/locations/us-west1","labels":{"appengine.googleapis.com/region":"us-west1","cloud.googleapis.com/location":"us-west1","cloud.googleapis.com/region":"us-west1"},"metadata":{"@type":"type.googleapis.com/google.firestore.admin.v1.LocationMetadata"},"locationId":"us-west1","displayName":"Oregon"},{"name":"projects/zara-chabby-login/locations/us-west2","labels":{"appengine.googleapis.com/region":"us-west2","cloud.googleapis.com/location":"us-west2","cloud.googleapis.com/region":"us-west2"},"metadata":{"@type":"type.googleapis.com/google.firestore.admin.v1.LocationMetadata"},"locationId":"us-west2","displayName":"Los Angeles"},{"name":"projects/zara-chabby-login/locations/us-west3","labels":{"appengine.googleapis.com/region":"us-west3","cloud.googleapis.com/location":"us-west3","cloud.googleapis.com/region":"us-west3"},"metadata":{"@type":"type.googleapis.com/google.firestore.admin.v1.LocationMetadata"},"locationId":"us-west3","displayName":"Salt Lake City"},{"name":"projects/zara-chabby-login/locations/us-west4","labels":{"appengine.googleapis.com/region":"us-west4","cloud.googleapis.com/location":"us-west4","cloud.googleapis.com/region":"us-west4"},"metadata":{"@type":"type.googleapis.com/google.firestore.admin.v1.LocationMetadata"},"locationId":"us-west4","displayName":"Las Vegas"}]}
[info] 
[info] Firestore Security Rules allow you to define how and when to allow
[info] requests. You can keep these rules in your project directory
[info] and publish them with firebase deploy.
[info] 
[debug] [2026-09-24T15:52:27.444Z] Checked if tokens are valid: true, expires at: 1790268479627
[debug] [2026-09-24T15:52:27.444Z] Checked if tokens are valid: true, expires at: 1790268479627
[debug] [2026-09-24T15:52:27.444Z] >>> [apiv2][query] GET https://firebaserules.googleapis.com/v1/projects/zara-chabby-login/releases pageSize=10&pageToken=
[debug] [2026-09-24T15:52:28.855Z] <<< [apiv2][status] GET https://firebaserules.googleapis.com/v1/projects/zara-chabby-login/releases 200
[debug] [2026-09-24T15:52:28.855Z] <<< [apiv2][body] GET https://firebaserules.googleapis.com/v1/projects/zara-chabby-login/releases {}
[info] 
[info] Firestore indexes allow you to perform complex queries while
[info] maintaining performance that scales with the size of the result
[info] set. You can keep index definitions in your project directory
[info] and publish them with firebase deploy.
[info] 
[debug] [2026-09-24T15:52:33.287Z] Checked if tokens are valid: true, expires at: 1790268479627
[debug] [2026-09-24T15:52:33.287Z] Checked if tokens are valid: true, expires at: 1790268479627
[debug] [2026-09-24T15:52:33.287Z] Checked if tokens are valid: true, expires at: 1790268479627
[debug] [2026-09-24T15:52:33.287Z] Checked if tokens are valid: true, expires at: 1790268479627
[debug] [2026-09-24T15:52:33.287Z] >>> [apiv2][query] GET https://firestore.googleapis.com/v1/projects/zara-chabby-login/databases/(default)/collectionGroups/-/indexes [none]
[debug] [2026-09-24T15:52:33.322Z] >>> [apiv2][query] GET https://firestore.googleapis.com/v1/projects/zara-chabby-login/databases/(default)/collectionGroups/-/fields?filter=indexConfig.usesAncestorConfig=false OR ttlConfig:* [none]
[debug] [2026-09-24T15:52:34.454Z] <<< [apiv2][status] GET https://firestore.googleapis.com/v1/projects/zara-chabby-login/databases/(default)/collectionGroups/-/indexes 404
[debug] [2026-09-24T15:52:34.455Z] <<< [apiv2][body] GET https://firestore.googleapis.com/v1/projects/zara-chabby-login/databases/(default)/collectionGroups/-/indexes {"error":{"code":404,"message":"Project 'zara-chabby-login' or database '(default)' does not exist.","status":"NOT_FOUND"}}
[info] ✔  Wrote firestore.rules 
[info] ✔  Wrote firestore.indexes.json 
[info] 
=== Genkit Setup
[debug] [2026-09-24T15:52:34.708Z] <<< [apiv2][status] GET https://firestore.googleapis.com/v1/projects/zara-chabby-login/databases/(default)/collectionGroups/-/fields?filter=indexConfig.usesAncestorConfig=false OR ttlConfig:* 404
[debug] [2026-09-24T15:52:34.708Z] <<< [apiv2][body] GET https://firestore.googleapis.com/v1/projects/zara-chabby-login/databases/(default)/collectionGroups/-/fields?filter=indexConfig.usesAncestorConfig=false OR ttlConfig:* {"error":{"code":404,"message":"Requested database was not found.","status":"NOT_FOUND"}}
[warn] ⚠  genkit: Stopped Genkit initialization 
[info] 
=== Hosting Setup
[debug] [2026-09-24T15:52:56.579Z] Checked if tokens are valid: true, expires at: 1790268479627
[debug] [2026-09-24T15:52:56.579Z] Checked if tokens are valid: true, expires at: 1790268479627
[debug] [2026-09-24T15:52:56.579Z] >>> [apiv2][query] GET https://firebase.googleapis.com/v1beta1/projects/zara-chabby-login [none]
[debug] [2026-09-24T15:52:56.963Z] <<< [apiv2][status] GET https://firebase.googleapis.com/v1beta1/projects/zara-chabby-login 200
[debug] [2026-09-24T15:52:56.963Z] <<< [apiv2][body] GET https://firebase.googleapis.com/v1beta1/projects/zara-chabby-login {"projectId":"zara-chabby-login","projectNumber":"975107354460","displayName":"Zara-Chabby Login","name":"projects/zara-chabby-login","resources":{"hostingSite":"zara-chabby-login"},"state":"ACTIVE","labels":{"firebase":"enabled"},"etag":"1_705dffee-912f-4cb1-84d4-8d63cbce734b"}
[info] 
[info] Your public directory is the folder (relative to your project directory) that
[info] will contain Hosting assets to be uploaded with firebase deploy. If you
[info] have a build process for your assets, use your build's output directory.
[info] 
[info] 
[info] i  Detected a .git folder at /workspaces/Zara-Chabby 
[info] i  Authorizing with GitHub to upload your service account to a GitHub repository's secrets store. 
[info] 
[info] Visit this URL on this device to log in:
[info] https://github.com/login/oauth/authorize?client_id=89cf50f02ac6aaed3484&state=25326833&redirect_uri=http%3A%2F%2Flocalhost%3A9005&scope=read%3Auser%20repo%20public_repo
[info] 
[info] Waiting for authentication...
